
################################################################################
#
# This file has been generated by SpyGlass:
#     Report Name      : no_msg_reporting_rules
#     Report Created by: gokulgopalakrishnan
#     Report Created on:  Wed Aug 12 15:22:49 2026
#     Working Directory: /home/gokulgopalakrishnan/major_project/apb/async_fifo
#     SpyGlass Version : SpyGlass_vS-2021.09-SP1
#     Policy Name      : SpyGlass(SpyGlass_vS-2021.09-SP1)
#
#     Total Number of Generated Messages :          2
#     Number of Waived Messages          :          0
#     Number of Reported Messages        :          2
#     Number of Overlimit Messages       :          0
#
#
################################################################################

NO VIOLATION RULE REPORT :
++++++++++++++++++++++++++++++++++++++++++++++++++++++++++++++++++++++++++++++++

Following rules did not produce any violation or waived off during spyglass run

++++++++++++++++++++++++++++++++++++++++++++++++++++++++++++++++++++++++++++++++


================================================================================
	INDEX                                   RULE-NAME
================================================================================
	1                                  ReportDeprecatedRules
	2                                  ReportObsoleteRules
	3                                  ZeroSizeFile
================================================================================
