################################################################################
#
# This file has been generated by SpyGlass:
#     Report Created by: gokulgopalakrishnan
#     Report Created on: Wed Aug 12 15:23:32 2026
#     Working Directory: /home/gokulgopalakrishnan/major_project/apb/async_fifo
#     Report Location  : ./spyglass-1/cdc/cdc_verify/spyglass_reports/SpyGlass/elab_summary.rpt
#     SpyGlass Version : SpyGlass_vS-2021.09-SP1
#     Policy Name      : SpyGlass(SpyGlass_vS-2021.09-SP1)
#     Comment          : This report contains RTL and Elaborated names along with parameter values
#
################################################################################

================================================================================
Elaborated Name: 'write_pointer_handler'
    (RTL Design Unit name: 'write_pointer_handler', async_fifo.v:75)
     Parameters (Total: 0)
     Instances (Total: 1): async_fifo.w1 

================================================================================

Elaborated Name: 'read_pointer_handler'
    (RTL Design Unit name: 'read_pointer_handler', async_fifo.v:24)
     Parameters (Total: 0)
     Instances (Total: 1): async_fifo.w2 

================================================================================

Elaborated Name: 'async_fifo'
    (RTL Design Unit name: 'async_fifo', async_fifo.v:1)
     Parameters (Total: 0)
================================================================================
