
################################################################################
#
# This file has been generated by SpyGlass:
#     Report Name      : moresimple
#     Report Created by: gokulgopalakrishnan
#     Report Created on:  Wed Aug 12 15:23:32 2026
#     Working Directory: /home/gokulgopalakrishnan/major_project/apb/async_fifo
#     SpyGlass Version : SpyGlass_vS-2021.09-SP1
#     Policy Name      : SpyGlass(SpyGlass_vS-2021.09-SP1)
#                        clock-reset(SpyGlass_vS-2021.09-SP1)
#
#     Total Number of Generated Messages :         29
#     Number of Waived Messages          :          0
#     Number of Reported Messages        :         29
#     Number of Overlimit Messages       :          0
#
#
################################################################################

+++++++++++++++++++++++++++++++++++++++++++++++++++++++++++++++++++++++
MORESIMPLE REPORT:


############### BuiltIn -> RuleGroup=Design Read ###############
+++++++++++++++++++++++++++++++++++++++++++++++++++++++++++++++++++++++++++++++++++++++
ID       Rule                    Alias                   Severity    File                                                                      Line    Wt    Message
======================================================================================
[1]      DetectTopDesignUnits    DetectTopDesignUnits    Info        async_fifo.v                                                              1       2     Module async_fifo is a top level design unit
[0]      ElabSummary             ElabSummary             Info        ./spyglass-1/cdc/cdc_verify/spyglass_reports/SpyGlass/elab_summary.rpt    0       2     Please refer file './spyglass-1/cdc/cdc_verify/spyglass_reports/SpyGlass/elab_summary.rpt' for elab summary report
+++++++++++++++++++++++++++++++++++++++++++++++++++++++++++++++++++++++++++++++++++++++


############### Non-BuiltIn -> Goal=cdc/cdc_verify ###############
+++++++++++++++++++++++++++++++++++++++++++++++++++++++++++++++++++++++++++++++++++++++
ID       Rule                    Alias                      Severity    File                                                                                       Line    Wt    Message
======================================================================================
[35]     Ac_datahold01a          Ac_sync Data Enable Seq    Warning     async_fifo.v                                                                               19      2     Synchronized crossing: destination flop 'async_fifo.read_dataout[7:0]', clocked by 'async_fifo.rclk', source flop 'async_fifo.fifo_register[31:0][7:0]', clocked by 'async_fifo.wclk'. Data-enable sequencing check: Partially-Proved
[1F]     Reset_sync04                                       Warning     async_fifo.v                                                                               99      10    Asynchronous reset signal 'async_fifo.wrst' is synchronized at least twice (at 'async_fifo.w1.sync1[1]' and 'async_fifo.w1.sync1[0]') relative to clock signal 'async_fifo.wclk'
[34]     Ac_cdc01a               ClkCross Data Hold         Info        async_fifo.v                                                                               34      10    Fast('async_fifo.wclk') to slow('async_fifo.rclk') clock crossing(from 'async_fifo.g_wptr[5]' to 'async_fifo.w2.sync1[5]') detected. Data hold check:PASSED
[33]     Ac_conv02               Convergence                Info        async_fifo.v                                                                               67      2     6 synchronizers (async_fifo.w2.sync1[5:0]) converge on combinational gate 'async_fifo.w2.b_wptr[0]'. Gray encoding check: 'PASSED'
[31]     Ac_conv02               Convergence                Info        async_fifo.v                                                                               113     2     6 synchronizers (async_fifo.w1.sync1[5:0]) converge on combinational gate 'async_fifo.w1.b_rptr[0]'. Gray encoding check: 'PASSED'
[1A]     Ac_crossing01                                      Info        async_fifo.v                                                                               1       10    CrossingMatrix spreadsheet generated for design 'async_fifo'
[2F]     Ac_initstate01          ResetState                 Info        async_fifo.v                                                                               1       10    100 percent of sequential outputs are initialized with sets/resets and 0 percent sequential outputs are initialized by data path. Refer file: './spyglass-1/cdc/cdc_verify/spyglass_reports/clock-reset/adv_cdc.reg' for details
[36]     Ac_report01             PropStatistics             Info        async_fifo.v                                                                               1       10    Implicit: '4' implicit properties analyzed, '0' failed, '3' passed, '1' partially proved, '0' not analyzed, '0' others for top design unit 'async_fifo'. Refer file: './spyglass-1/cdc/cdc_verify/spyglass_reports/clock-reset/adv_cdc.rpt' for details
[15]     Ac_sync02                                          Info        async_fifo.v                                                                               19      2     Synchronized Crossing: destination flop async_fifo.read_dataout[7:0], clocked by async_fifo.rclk, source flop async_fifo.fifo_register[31:0][7:0], clocked by async_fifo.wclk, by method: Enable Based Synchronizer [Total Sources: 1 (Number of source domains: 1)]
[16]     Ac_sync02                                          Info        async_fifo.v                                                                               34      2     Synchronized Crossing: destination flop async_fifo.w2.sync1[5:0], clocked by async_fifo.rclk, source flop async_fifo.w1.g_wptr[5:0], clocked by async_fifo.wclk, by method: Conventional multi-flop for metastability technique [Total Sources: 1 (Number of source domains: 1)]
[14]     Ac_sync02                                          Info        async_fifo.v                                                                               99      2     Synchronized Crossing: destination flop async_fifo.w1.sync1[5:0], clocked by async_fifo.wclk, source flop async_fifo.w2.g_rptr[5:0], clocked by async_fifo.rclk, by method: Conventional multi-flop for metastability technique [Total Sources: 1 (Number of source domains: 1)]
[20]     Ar_sync01                                          Info        async_fifo.v                                                                               34      10    Reset signal 'async_fifo.rrst' for 'clear' pin of flop 'async_fifo.w2.sync1[0]', clocked by 'async_fifo.rclk', is synchronized by method: Reset constrained through abstract_port constraint (Name:rrst)
[21]     Ar_sync01                                          Info        async_fifo.v                                                                               85      10    Reset signal 'async_fifo.wrst' for 'clear' pin of flop 'async_fifo.w1.b_wptr[0]', clocked by 'async_fifo.wclk', is synchronized by method: Reset constrained through abstract_port constraint (Name:wrst)
[23]     Ar_syncdeassert01                                  Info        async_fifo.v                                                                               34      10    Reset signal 'async_fifo.rrst' for 'clear' pin of flop 'async_fifo.w2.sync1[0]', synchronously de-asserts relative to clock signal 'async_fifo.rclk'
[22]     Ar_syncdeassert01                                  Info        async_fifo.v                                                                               85      10    Reset signal 'async_fifo.wrst' for 'clear' pin of flop 'async_fifo.w1.b_wptr[0]', synchronously de-asserts relative to clock signal 'async_fifo.wclk'
[18]     Clock_info01                                       Info        async_fifo.v                                                                               2       2     Candidate clock: async_fifo.wclk of type: Primary Clock
[19]     Clock_info01                                       Info        async_fifo.v                                                                               2       2     Candidate clock: async_fifo.rclk of type: Primary Clock
[24]     Clock_info15                                       Info        N.A.                                                                                       0       2     Port-Clock information generated for PortClockMatrix report
[2]      Propagate_Clocks                                   Info        async_fifo.v                                                                               2       2     For async_fifo, clock(s) 'async_fifo.wclk' of domain 'd1' propagated
[3]      Propagate_Clocks                                   Info        async_fifo.v                                                                               2       2     For async_fifo, clock(s) 'async_fifo.rclk' of domain 'd2' propagated
[1D]     Propagate_Resets                                   Info        async_fifo.v                                                                               2       2     For async_fifo, reset 'async_fifo.wrst' propagated
[1E]     Propagate_Resets                                   Info        async_fifo.v                                                                               2       2     For async_fifo, reset 'async_fifo.rrst' propagated
[1B]     Reset_info01                                       Info        async_fifo.v                                                                               2       2     Candidate clear: async_fifo.wrst of type Primary clear
[1C]     Reset_info01                                       Info        async_fifo.v                                                                               2       2     Candidate clear: async_fifo.rrst of type Primary clear
[12]     Setup_port01                                       Info        ./spyglass-1/cdc/cdc_verify/spyglass_reports/clock-reset/async_fifo_input_abstract.sgdc    0       2     Abstracted sgdc file for input ports of block 'async_fifo' is generated
[13]     Setup_port01                                       Info        async_fifo.v                                                                               1       2     Port coverage for top design unit 'async_fifo' is: '0' (0.00 %) port(s) not fully constrained
[17]     Setup_quasi_static01                               Info        ./spyglass-1/cdc/cdc_verify/spyglass_reports/clock-reset/auto_quasi_static.sgdc            25      2     For design 'async_fifo', '0' quasi_static constraint(s) inferred
+++++++++++++++++++++++++++++++++++++++++++++++++++++++++++++++++++++++++++++++++++++++
