
################################################################################
#
# This file has been generated by SpyGlass:
#     Report Name      : no_msg_reporting_rules
#     Report Created by: gokulgopalakrishnan
#     Report Created on:  Wed Aug 12 15:23:32 2026
#     Working Directory: /home/gokulgopalakrishnan/major_project/apb/async_fifo
#     SpyGlass Version : SpyGlass_vS-2021.09-SP1
#     Policy Name      : SpyGlass(SpyGlass_vS-2021.09-SP1)
#                        clock-reset(SpyGlass_vS-2021.09-SP1)
#
#     Total Number of Generated Messages :         29
#     Number of Waived Messages          :          0
#     Number of Reported Messages        :         29
#     Number of Overlimit Messages       :          0
#
#
################################################################################

NO VIOLATION RULE REPORT :
++++++++++++++++++++++++++++++++++++++++++++++++++++++++++++++++++++++++++++++++

Following rules did not produce any violation or waived off during spyglass run

++++++++++++++++++++++++++++++++++++++++++++++++++++++++++++++++++++++++++++++++


================================================================================
	INDEX                                   RULE-NAME
================================================================================
	1                                  Ac_clockperiod01
	2                                  Ac_clockperiod02
	3                                  Ac_clockperiod03
	4                                  Ac_coherency06
	5                                  Ac_conv01
	6                                  Ac_conv03
	7                                  Ac_glitch03
	8                                  Ac_resetvalue01
	9                                  Ac_sync01
	10                                 Ac_unsync01
	11                                 Ac_unsync02
	12                                 Ar_asyncdeassert01
	13                                 Ar_converge01
	14                                 Ar_syncrst_setupcheck01
	15                                 Ar_syncrstactive01
	16                                 Ar_syncrstcombo01
	17                                 Ar_syncrstload01
	18                                 Ar_syncrstload02
	19                                 Ar_syncrstpragma01
	20                                 Ar_syncrstrtl01
	21                                 Ar_unsync01
	22                                 Clock_check10
	23                                 Clock_converge01
	24                                 Clock_glitch05
	25                                 Clock_info03a
	26                                 Clock_info03b
	27                                 Clock_info03c
	28                                 Clock_info05
	29                                 Clock_info05b
	30                                 Clock_info05c
	31                                 Clock_sync05
	32                                 Clock_sync05a
	33                                 Clock_sync06
	34                                 Clock_sync06a
	35                                 FalsePathSetup
	36                                 Info_Case_Analysis
	37                                 Reset_check03
	38                                 Reset_check11
	39                                 Reset_check12
	40                                 Reset_info09a
	41                                 Reset_sync02
================================================================================
