
################################################################################
################################################################################
#
# This file has been generated by SpyGlass:
#     Report Created by: gokulgopalakrishnan
#     Report Created on: Wed Aug 12 15:24:04 2026
#     Working Directory: /home/gokulgopalakrishnan/major_project/apb/async_fifo
#     Report Location  : ./spyglass-1/cdc/cdc_verify/spyglass_reports/clock-reset/adv_cdc.rpt
#     SpyGlass Version : SpyGlass_vS-2021.09-SP1
#     Policy Name      : clock-reset(SpyGlass_vS-2021.09-SP1)
#     Comment          : Generated by clock-reset
#
################################################################################


################################################################################
#
# Purpose: 
#   This report contains the functional analysis statistics of a design.
#
# Format: 
#   It contains the following sections :
#   Section A: Clock Information
#     Lists the clock information of the design 
#   Section B: Reset Information
#     Lists the reset information of the design 
#   Section C: Set-Case Analysis Settings
#     Lists the set case analysis settings used in the design 
#   Section D: Initial State of the Design
#     Lists the initial-state statistics of the design along with the 
#     reset percentage. The initial state of each register can be seen 
#     in adv_cdc.reg file.
#   Section E: Results Summary (Current) 
#     Lists the statistics of the assertions formed for each rule.
#     Following is a description of the columns of this table:
#       Passed           - Assertions that prove are listed here
#       Failed           - Assertions that fail are listed here
#       Partially Proved - Assertions that remain unconcluded are listed along
#                          with the average depth of formal analysis
#       Not Analyzed     - This column gets populated in audit mode(-fa_audit)
#       Others           - Lists those assertions for which functional analysis
#                          could not be carried out either due to Conflicting
#                          Constraints or due to some Internal-Error
#   Section F: Results Summary (Cumulative) 
#     Lists the summary of cumulative set of assertions formed in the current 
#     run and the information of earlier runs in the property file. This section 
#     is printed when you specify a property file using the -fa_propfile
#     command-line option.
#   Section G: Assertion Details
#     Lists the assertion details. In case of failures and partially proved 
#     assertions, the depth information is also reported. 
#     The format for this is : 
#       <CycleDepth> (<Depth>) where
#           <CycleDepth> - Number of cycles of the fastest clock till that depth
#           <Depth>      - Verification Depth till which the assertion was evaluated
################################################################################

Section A: Clock Information
=============================

(clock): (period); (clock source); (rising/falling); (edgeList); (no. of flops on posedge); (no. of flops on negedge)
-----------------------------------------------------------------------------------------------------
async_fifo.rclk: 80.00; SGDC; Rising; (0.0, 40.0); 32; 0
async_fifo.wclk: 20.00; SGDC; Rising; (0.0, 10.0); 280; 0

Design Cycle: 8

##########################################################################################################


Section B: Resets Information
==============================

(reset) ; (value)
------------------------
async_fifo.rrst ; Active Low
async_fifo.wrst ; Active Low

##########################################################################################################


Section C: Set-Case Analysis Settings
==============================

 No set_case_analysis found

################################################################################

Section D: Initial State of the Design
======================================

Total no of FFs: 312
No of '1's: 0
No of '0's: 312
No of 'x's: 0
RESET PERCENTAGE for root 'async_fifo'(312 flops) is '100.00%'

################################################################################

Section E: Results Summary (Current)
====================================

------------------------------------------------------------------------------------------------------------------------
RuleName            Passed         Failed         Partially Proved         Not Analyzed         Others         Total
                                                   (Average Depth) 
------------------------------------------------------------------------------------------------------------------------
Ac_conv02              1              0                   0                      0                 0             1
Ac_conv02              1              0                   0                      0                 0             1
Ac_cdc01a              1              0                   0                      0                 0             1
Ac_datahold01a         0              0                   1(200)                 0                 0             1
------------------------------------------------------------------------------------------------------------------------
Total                  3              0                   1                      0                 0             4
------------------------------------------------------------------------------------------------------------------------

################################################################################

Section F: Results Summary (Cumulative)
========================================

NOT APPLICABLE (AS NO PROPERTY FILE PASSED)

################################################################################

Section G:  Assertion Details
===============================


RuleName: Ac_conv02 
-----------------------
1. (Hier:async_fifo.w1) async_fifo.w1.b_rptr[0], async_fifo.v, 113, :  PROVED

================================================================================

RuleName: Ac_conv02 
-----------------------
1. (Hier:async_fifo.w2) async_fifo.w2.b_wptr[0], async_fifo.v, 67, :  PROVED

================================================================================

RuleName: Ac_cdc01a 
-----------------------
1. (Hier:async_fifo.w2) SFlop:async_fifo.g_wptr[5] SClk:async_fifo.wclk DFlop:async_fifo.w2.sync1[5] DClk:async_fifo.rclk, async_fifo.v, 34, :  PROVED

================================================================================

RuleName: Ac_datahold01a 
-----------------------
1. (Hier:async_fifo) Des: "async_fifo.\read_dataout_reg[0] .Q", Src: "async_fifo.\fifo_register_reg[0][0] .Q", async_fifo.v, 19, :  Partially-Proved through depth 99(200), [Flop-Count:88, Design-Cycle:8]

================================================================================

################################################################################

################################################################################
